--------------------------------------------------------------------------------
Release 14.7 Trace  (nt)
Copyright (c) 1995-2013 Xilinx, Inc.  All rights reserved.

C:\Xilinx\14.7\ISE_DS\ISE\bin\nt\unwrapped\trce.exe -intstyle ise -v 3 -s 3 -n
3 -fastpaths -xml Top.twx Top.ncd -o Top.twr Top.pcf -ucf ucf.ucf

Design file:              Top.ncd
Physical constraint file: Top.pcf
Device,package,speed:     xc6slx16,csg324,C,-3 (PRODUCTION 1.23 2013-10-13)
Report level:             verbose report

Environment Variable      Effect 
--------------------      ------ 
NONE                      No environment variables were set
--------------------------------------------------------------------------------

INFO:Timing:2698 - No timing constraints found, doing default enumeration.
INFO:Timing:3412 - To improve timing, see the Timing Closure User Guide (UG612).
INFO:Timing:2752 - To get complete path coverage, use the unconstrained paths 
   option. All paths that are not constrained will be reported in the 
   unconstrained paths section(s) of the report.
INFO:Timing:3339 - The clock-to-out numbers in this timing report are based on 
   a 50 Ohm transmission line loading model.  For the details of this model, 
   and for more information on accounting for different loading conditions, 
   please see the device datasheet.



Data Sheet report:
-----------------
All values displayed in nanoseconds (ns)

Setup/Hold to clock clk_50mhz
------------+------------+------------+------------+------------+-------------------+--------+
            |Max Setup to|  Process   |Max Hold to |  Process   |                   | Clock  |
Source      | clk (edge) |   Corner   | clk (edge) |   Corner   |Internal Clock(s)  | Phase  |
------------+------------+------------+------------+------------+-------------------+--------+
BTN<0>      |    4.574(R)|      SLOW  |   -0.776(R)|      SLOW  |clk_50mhz_IBUF_BUFG|   0.000|
BTN<1>      |    4.588(R)|      SLOW  |   -0.443(R)|      SLOW  |clk_50mhz_IBUF_BUFG|   0.000|
BTN<2>      |    4.596(R)|      SLOW  |   -1.273(R)|      FAST  |clk_50mhz_IBUF_BUFG|   0.000|
BTN<3>      |    4.239(R)|      SLOW  |   -0.543(R)|      SLOW  |clk_50mhz_IBUF_BUFG|   0.000|
SW<0>       |    6.486(R)|      SLOW  |   -1.545(R)|      FAST  |clk_50mhz_IBUF_BUFG|   0.000|
SW<1>       |    7.134(R)|      SLOW  |   -1.425(R)|      FAST  |clk_50mhz_IBUF_BUFG|   0.000|
SW<5>       |    7.290(R)|      SLOW  |   -1.224(R)|      FAST  |clk_50mhz_IBUF_BUFG|   0.000|
SW<6>       |   11.015(R)|      SLOW  |   -1.040(R)|      FAST  |clk_50mhz_IBUF_BUFG|   0.000|
SW<7>       |   11.431(R)|      SLOW  |   -1.709(R)|      FAST  |clk_50mhz_IBUF_BUFG|   0.000|
------------+------------+------------+------------+------------+-------------------+--------+

Clock SW<2> to Pad
------------+-----------------+------------+-----------------+------------+------------------------------------+--------+
            |Max (slowest) clk|  Process   |Min (fastest) clk|  Process   |                                    | Clock  |
Destination |  (edge) to PAD  |   Corner   |  (edge) to PAD  |   Corner   |Internal Clock(s)                   | Phase  |
------------+-----------------+------------+-----------------+------------+------------------------------------+--------+
LED<4>      |        16.850(F)|      SLOW  |         8.575(F)|      FAST  |M8/ALU_Ctr[2]_GND_13_o_Mux_10_o_BUFG|   0.000|
------------+-----------------+------------+-----------------+------------+------------------------------------+--------+

Clock SW<3> to Pad
------------+-----------------+------------+-----------------+------------+------------------------------------+--------+
            |Max (slowest) clk|  Process   |Min (fastest) clk|  Process   |                                    | Clock  |
Destination |  (edge) to PAD  |   Corner   |  (edge) to PAD  |   Corner   |Internal Clock(s)                   | Phase  |
------------+-----------------+------------+-----------------+------------+------------------------------------+--------+
LED<4>      |        17.411(F)|      SLOW  |         9.082(F)|      FAST  |M8/ALU_Ctr[2]_GND_13_o_Mux_10_o_BUFG|   0.000|
------------+-----------------+------------+-----------------+------------+------------------------------------+--------+

Clock SW<4> to Pad
------------+-----------------+------------+-----------------+------------+------------------------------------+--------+
            |Max (slowest) clk|  Process   |Min (fastest) clk|  Process   |                                    | Clock  |
Destination |  (edge) to PAD  |   Corner   |  (edge) to PAD  |   Corner   |Internal Clock(s)                   | Phase  |
------------+-----------------+------------+-----------------+------------+------------------------------------+--------+
LED<4>      |        16.350(F)|      SLOW  |         8.237(F)|      FAST  |M8/ALU_Ctr[2]_GND_13_o_Mux_10_o_BUFG|   0.000|
------------+-----------------+------------+-----------------+------------+------------------------------------+--------+

Clock clk_50mhz to Pad
------------+-----------------+------------+-----------------+------------+-------------------+--------+
            |Max (slowest) clk|  Process   |Min (fastest) clk|  Process   |                   | Clock  |
Destination |  (edge) to PAD  |   Corner   |  (edge) to PAD  |   Corner   |Internal Clock(s)  | Phase  |
------------+-----------------+------------+-----------------+------------+-------------------+--------+
AN<0>       |         9.679(R)|      SLOW  |         4.129(R)|      FAST  |clk_50mhz_IBUF_BUFG|   0.000|
AN<1>       |         9.724(R)|      SLOW  |         4.454(R)|      FAST  |clk_50mhz_IBUF_BUFG|   0.000|
AN<2>       |         9.548(R)|      SLOW  |         4.063(R)|      FAST  |clk_50mhz_IBUF_BUFG|   0.000|
AN<3>       |         9.489(R)|      SLOW  |         3.886(R)|      FAST  |clk_50mhz_IBUF_BUFG|   0.000|
LED<0>      |         9.181(R)|      SLOW  |         4.993(R)|      FAST  |clk_50mhz_IBUF_BUFG|   0.000|
LED<1>      |         9.208(R)|      SLOW  |         5.026(R)|      FAST  |clk_50mhz_IBUF_BUFG|   0.000|
LED<2>      |         8.963(R)|      SLOW  |         4.877(R)|      FAST  |clk_50mhz_IBUF_BUFG|   0.000|
LED<3>      |         8.830(R)|      SLOW  |         4.810(R)|      FAST  |clk_50mhz_IBUF_BUFG|   0.000|
LED<5>      |        23.151(R)|      SLOW  |         6.086(R)|      FAST  |clk_50mhz_IBUF_BUFG|   0.000|
LED<6>      |         7.522(R)|      SLOW  |         3.926(R)|      FAST  |clk_50mhz_IBUF_BUFG|   0.000|
SEGMENT<0>  |        11.595(R)|      SLOW  |         4.623(R)|      FAST  |clk_50mhz_IBUF_BUFG|   0.000|
SEGMENT<1>  |        11.518(R)|      SLOW  |         4.426(R)|      FAST  |clk_50mhz_IBUF_BUFG|   0.000|
SEGMENT<2>  |        12.025(R)|      SLOW  |         5.031(R)|      FAST  |clk_50mhz_IBUF_BUFG|   0.000|
SEGMENT<3>  |        11.996(R)|      SLOW  |         4.897(R)|      FAST  |clk_50mhz_IBUF_BUFG|   0.000|
SEGMENT<4>  |        11.650(R)|      SLOW  |         4.815(R)|      FAST  |clk_50mhz_IBUF_BUFG|   0.000|
SEGMENT<5>  |        11.913(R)|      SLOW  |         4.617(R)|      FAST  |clk_50mhz_IBUF_BUFG|   0.000|
SEGMENT<6>  |        12.031(R)|      SLOW  |         4.527(R)|      FAST  |clk_50mhz_IBUF_BUFG|   0.000|
SEGMENT<7>  |        10.207(R)|      SLOW  |         4.793(R)|      FAST  |clk_50mhz_IBUF_BUFG|   0.000|
------------+-----------------+------------+-----------------+------------+-------------------+--------+

Clock to Setup on destination clock SW<2>
---------------+---------+---------+---------+---------+
               | Src:Rise| Src:Fall| Src:Rise| Src:Fall|
Source Clock   |Dest:Rise|Dest:Rise|Dest:Fall|Dest:Fall|
---------------+---------+---------+---------+---------+
SW<2>          |         |         |    0.396|    0.396|
SW<3>          |         |         |    1.294|    1.294|
SW<4>          |         |         |    0.928|    0.928|
clk_50mhz      |         |         |   10.248|         |
---------------+---------+---------+---------+---------+

Clock to Setup on destination clock SW<3>
---------------+---------+---------+---------+---------+
               | Src:Rise| Src:Fall| Src:Rise| Src:Fall|
Source Clock   |Dest:Rise|Dest:Rise|Dest:Fall|Dest:Fall|
---------------+---------+---------+---------+---------+
SW<2>          |         |         |   -0.111|   -0.111|
SW<3>          |         |         |    0.787|    0.787|
SW<4>          |         |         |    0.421|    0.421|
clk_50mhz      |         |         |   10.248|         |
---------------+---------+---------+---------+---------+

Clock to Setup on destination clock SW<4>
---------------+---------+---------+---------+---------+
               | Src:Rise| Src:Fall| Src:Rise| Src:Fall|
Source Clock   |Dest:Rise|Dest:Rise|Dest:Fall|Dest:Fall|
---------------+---------+---------+---------+---------+
SW<2>          |         |         |    0.734|    0.734|
SW<3>          |         |         |    1.632|    1.632|
SW<4>          |         |         |    1.266|    1.266|
clk_50mhz      |         |         |   10.248|         |
---------------+---------+---------+---------+---------+

Clock to Setup on destination clock clk_50mhz
---------------+---------+---------+---------+---------+
               | Src:Rise| Src:Fall| Src:Rise| Src:Fall|
Source Clock   |Dest:Rise|Dest:Rise|Dest:Fall|Dest:Fall|
---------------+---------+---------+---------+---------+
SW<2>          |    7.219|   10.941|         |         |
SW<3>          |    8.215|   10.941|    7.176|    7.176|
SW<4>          |    6.293|   10.941|         |         |
clk_50mhz      |    6.122|    3.252|    3.682|         |
---------------+---------+---------+---------+---------+

Pad to Pad
---------------+---------------+---------+
Source Pad     |Destination Pad|  Delay  |
---------------+---------------+---------+
SW<1>          |LED<7>         |    5.849|
---------------+---------------+---------+


Analysis completed Thu Mar 19 23:52:27 2015 
--------------------------------------------------------------------------------

Trace Settings:
-------------------------
Trace Settings 

Peak Memory Usage: 171 MB



